// Jest Snapshot v1, https://goo.gl/fbAQLP

exports[`Tagged template can use imported components through interpolation 1`] = `
Object {
  "callback_id": "callback",
  "elements": Array [
    Object {
      "label": "foo",
      "name": "foo",
      "optional": false,
      "type": "text",
    },
    Object {
      "label": "bar",
      "name": "bar",
      "optional": true,
      "type": "textarea",
    },
    Object {
      "label": "select",
      "name": "select",
      "optional": true,
      "options": Array [
        Object {
          "label": "one",
          "value": "1",
        },
        Object {
          "label": "two",
          "value": "2",
        },
        Object {
          "label": "three",
          "value": "3",
        },
      ],
      "type": "select",
    },
  ],
  "state": "{\\"hiddenState\\":[\\"a\\",\\"b\\",\\"c\\"]}",
  "submit_label": "Submit dialog",
  "title": "test",
}
`;
